// Jest Snapshot v1, https://goo.gl/fbAQLP

exports[`mapping MySQL tests 1`] = `
{
  "classMap": [
    {
      "children": [
        {
          "children": [
            {
              "location": "index.js:15",
              "name": "newConnection",
              "static": true,
              "type": "function",
            },
            {
              "location": "index.js:17",
              "name": "main",
              "static": true,
              "type": "function",
            },
            {
              "location": "index.js:4",
              "name": "promisify",
              "static": true,
              "type": "function",
            },
          ],
          "name": "index",
          "type": "class",
        },
      ],
      "name": "mysql-appmap-node-test",
      "type": "package",
    },
  ],
  "events": [
    {
      "defined_class": "index",
      "event": "call",
      "id": 1,
      "lineno": 17,
      "method_id": "main",
      "parameters": [],
      "path": "index.js",
      "static": true,
      "thread_id": 0,
    },
    {
      "defined_class": "index",
      "event": "call",
      "id": 2,
      "lineno": 15,
      "method_id": "newConnection",
      "parameters": [],
      "path": "index.js",
      "static": true,
      "thread_id": 0,
    },
    {
      "elapsed": 31.337,
      "event": "return",
      "id": 3,
      "parent_id": 2,
      "return_value": {
        "class": "Connection",
        "object_id": 1,
        "value": "<ref *1> Connection {
  _events: [Object: null prototype] {},
  _eventsCount: 0,
  _maxListeners: undefined,
  config: ConnectionConfig {
    host: '127.0.0.1',
    port: 3306,
    localAddress: undefined,
    socketPath: undefined,
    user: undefined,
    password: undefined,
    database: undefined,
    connectTimeout: 10000,
    insecureAuth: false,
    supportBigNumbers: false,
    bigNumberStrings: false,
    dateStrings: false,
    debug: undefined,
    trace: true,
    stringifyObjects: false,
    timezone: 'local',
    flags: '',
    queryFormat: undefined,
    pool: undefined,
    ssl: false,
    localInfile: true,
    multipleStatements: false,
    typeCast: true,
    maxPacketSize: 0,
    charsetNumber: 33,
    clientFlags: 455631
  },
  _socket: undefined,
  _protocol: Protocol {
    _events: [Object: null prototype] {},
    _eventsCount: 0,
    _maxListeners: undefined,
    readable: true,
    writable: true,
    _config: [ConnectionConfig],
    _connection: [Circular *1],
    _callback: null,
    _fatalError: null,
    _quitSequence: null,
    _handshake: false,
    _handshaked: false,
    _ended: false,
    _destroyed: false,
    _queue: [],
    _handshakeInitializationPacket: null,
    _parser: [Parser],
  },
  _connectCalled: false,
  state: 'disconnected',
  threadId: null,
}",
      },
      "thread_id": 0,
    },
    {
      "defined_class": "index",
      "event": "call",
      "id": 4,
      "lineno": 4,
      "method_id": "promisify",
      "parameters": [
        {
          "class": "Function",
          "name": "method",
          "value": "[Function: query]",
        },
        {
          "class": "Connection",
          "name": "thisArg",
          "object_id": 1,
          "value": "<ref *1> Connection {
  _events: [Object: null prototype] {},
  _eventsCount: 0,
  _maxListeners: undefined,
  config: ConnectionConfig {
    host: '127.0.0.1',
    port: 3306,
    localAddress: undefined,
    socketPath: undefined,
    user: undefined,
    password: undefined,
    database: undefined,
    connectTimeout: 10000,
    insecureAuth: false,
    supportBigNumbers: false,
    bigNumberStrings: false,
    dateStrings: false,
    debug: undefined,
    trace: true,
    stringifyObjects: false,
    timezone: 'local',
    flags: '',
    queryFormat: undefined,
    pool: undefined,
    ssl: false,
    localInfile: true,
    multipleStatements: false,
    typeCast: true,
    maxPacketSize: 0,
    charsetNumber: 33,
    clientFlags: 455631
  },
  _socket: undefined,
  _protocol: Protocol {
    _events: [Object: null prototype] {},
    _eventsCount: 0,
    _maxListeners: undefined,
    readable: true,
    writable: true,
    _config: [ConnectionConfig],
    _connection: [Circular *1],
    _callback: null,
    _fatalError: null,
    _quitSequence: null,
    _handshake: false,
    _handshaked: false,
    _ended: false,
    _destroyed: false,
    _queue: [],
    _handshakeInitializationPacket: null,
    _parser: [Parser],
  },
  _connectCalled: false,
  state: 'disconnected',
  threadId: null,
}",
        },
        {
          "class": "String",
          "value": ""SELECT 'Connection.query'"",
        },
      ],
      "path": "index.js",
      "static": true,
      "thread_id": 0,
    },
    {
      "event": "call",
      "id": 5,
      "sql_query": {
        "database_type": "mysql",
        "sql": "SELECT 'Connection.query'",
      },
      "thread_id": 0,
    },
    {
      "elapsed": 31.337,
      "event": "return",
      "exceptions": [
        {
          "class": "Error",
          "message": "connect ECONNREFUSED 127.0.0.1:3306",
          "object_id": 4,
        },
      ],
      "id": 8,
      "parent_id": 5,
      "thread_id": 0,
    },
    {
      "elapsed": 31.337,
      "event": "return",
      "id": 6,
      "parent_id": 4,
      "return_value": {
        "class": "Promise<undefined>",
        "object_id": 2,
        "value": "Promise { undefined }",
      },
      "thread_id": 0,
    },
    {
      "defined_class": "index",
      "event": "call",
      "id": 9,
      "lineno": 15,
      "method_id": "newConnection",
      "parameters": [],
      "path": "index.js",
      "static": true,
      "thread_id": 0,
    },
    {
      "elapsed": 31.337,
      "event": "return",
      "id": 10,
      "parent_id": 9,
      "return_value": {
        "class": "Connection",
        "object_id": 5,
        "value": "<ref *1> Connection {
  _events: [Object: null prototype] {},
  _eventsCount: 0,
  _maxListeners: undefined,
  config: ConnectionConfig {
    host: '127.0.0.1',
    port: 3306,
    localAddress: undefined,
    socketPath: undefined,
    user: undefined,
    password: undefined,
    database: undefined,
    connectTimeout: 10000,
    insecureAuth: false,
    supportBigNumbers: false,
    bigNumberStrings: false,
    dateStrings: false,
    debug: undefined,
    trace: true,
    stringifyObjects: false,
    timezone: 'local',
    flags: '',
    queryFormat: undefined,
    pool: undefined,
    ssl: false,
    localInfile: true,
    multipleStatements: false,
    typeCast: true,
    maxPacketSize: 0,
    charsetNumber: 33,
    clientFlags: 455631
  },
  _socket: undefined,
  _protocol: Protocol {
    _events: [Object: null prototype] {},
    _eventsCount: 0,
    _maxListeners: undefined,
    readable: true,
    writable: true,
    _config: [ConnectionConfig],
    _connection: [Circular *1],
    _callback: null,
    _fatalError: null,
    _quitSequence: null,
    _handshake: false,
    _handshaked: false,
    _ended: false,
    _destroyed: false,
    _queue: [],
    _handshakeInitializationPacket: null,
    _parser: [Parser],
  },
  _connectCalled: false,
  state: 'disconnected',
  threadId: null,
}",
      },
      "thread_id": 0,
    },
    {
      "defined_class": "index",
      "event": "call",
      "id": 11,
      "lineno": 4,
      "method_id": "promisify",
      "parameters": [
        {
          "class": "Function",
          "name": "method",
          "value": "[Function: query]",
        },
        {
          "class": "Connection",
          "name": "thisArg",
          "object_id": 5,
          "value": "<ref *1> Connection {
  _events: [Object: null prototype] {},
  _eventsCount: 0,
  _maxListeners: undefined,
  config: ConnectionConfig {
    host: '127.0.0.1',
    port: 3306,
    localAddress: undefined,
    socketPath: undefined,
    user: undefined,
    password: undefined,
    database: undefined,
    connectTimeout: 10000,
    insecureAuth: false,
    supportBigNumbers: false,
    bigNumberStrings: false,
    dateStrings: false,
    debug: undefined,
    trace: true,
    stringifyObjects: false,
    timezone: 'local',
    flags: '',
    queryFormat: undefined,
    pool: undefined,
    ssl: false,
    localInfile: true,
    multipleStatements: false,
    typeCast: true,
    maxPacketSize: 0,
    charsetNumber: 33,
    clientFlags: 455631
  },
  _socket: undefined,
  _protocol: Protocol {
    _events: [Object: null prototype] {},
    _eventsCount: 0,
    _maxListeners: undefined,
    readable: true,
    writable: true,
    _config: [ConnectionConfig],
    _connection: [Circular *1],
    _callback: null,
    _fatalError: null,
    _quitSequence: null,
    _handshake: false,
    _handshaked: false,
    _ended: false,
    _destroyed: false,
    _queue: [],
    _handshakeInitializationPacket: null,
    _parser: [Parser],
  },
  _connectCalled: false,
  state: 'disconnected',
  threadId: null,
}",
        },
        {
          "class": "String",
          "value": ""SELECT 'Connection.query with values', ?, ?"",
        },
        {
          "class": "Array",
          "object_id": 6,
          "size": 2,
          "value": "[ 1, 'ABC' ]",
        },
      ],
      "path": "index.js",
      "static": true,
      "thread_id": 0,
    },
    {
      "event": "call",
      "id": 12,
      "sql_query": {
        "database_type": "mysql",
        "sql": "SELECT 'Connection.query with values', ?, ?",
      },
      "thread_id": 0,
    },
    {
      "elapsed": 31.337,
      "event": "return",
      "exceptions": [
        {
          "class": "Error",
          "message": "connect ECONNREFUSED 127.0.0.1:3306",
          "object_id": 8,
        },
      ],
      "id": 14,
      "parent_id": 12,
      "thread_id": 0,
    },
    {
      "elapsed": 31.337,
      "event": "return",
      "id": 13,
      "parent_id": 11,
      "return_value": {
        "class": "Promise<undefined>",
        "object_id": 7,
        "value": "Promise { undefined }",
      },
      "thread_id": 0,
    },
    {
      "defined_class": "index",
      "event": "call",
      "id": 15,
      "lineno": 15,
      "method_id": "newConnection",
      "parameters": [],
      "path": "index.js",
      "static": true,
      "thread_id": 0,
    },
    {
      "elapsed": 31.337,
      "event": "return",
      "id": 16,
      "parent_id": 15,
      "return_value": {
        "class": "Connection",
        "object_id": 9,
        "value": "<ref *1> Connection {
  _events: [Object: null prototype] {},
  _eventsCount: 0,
  _maxListeners: undefined,
  config: ConnectionConfig {
    host: '127.0.0.1',
    port: 3306,
    localAddress: undefined,
    socketPath: undefined,
    user: undefined,
    password: undefined,
    database: undefined,
    connectTimeout: 10000,
    insecureAuth: false,
    supportBigNumbers: false,
    bigNumberStrings: false,
    dateStrings: false,
    debug: undefined,
    trace: true,
    stringifyObjects: false,
    timezone: 'local',
    flags: '',
    queryFormat: undefined,
    pool: undefined,
    ssl: false,
    localInfile: true,
    multipleStatements: false,
    typeCast: true,
    maxPacketSize: 0,
    charsetNumber: 33,
    clientFlags: 455631
  },
  _socket: undefined,
  _protocol: Protocol {
    _events: [Object: null prototype] {},
    _eventsCount: 0,
    _maxListeners: undefined,
    readable: true,
    writable: true,
    _config: [ConnectionConfig],
    _connection: [Circular *1],
    _callback: null,
    _fatalError: null,
    _quitSequence: null,
    _handshake: false,
    _handshaked: false,
    _ended: false,
    _destroyed: false,
    _queue: [],
    _handshakeInitializationPacket: null,
    _parser: [Parser],
  },
  _connectCalled: false,
  state: 'disconnected',
  threadId: null,
}",
      },
      "thread_id": 0,
    },
    {
      "defined_class": "index",
      "event": "call",
      "id": 17,
      "lineno": 4,
      "method_id": "promisify",
      "parameters": [
        {
          "class": "Function",
          "name": "method",
          "value": "[Function: query]",
        },
        {
          "class": "Connection",
          "name": "thisArg",
          "object_id": 9,
          "value": "<ref *1> Connection {
  _events: [Object: null prototype] {},
  _eventsCount: 0,
  _maxListeners: undefined,
  config: ConnectionConfig {
    host: '127.0.0.1',
    port: 3306,
    localAddress: undefined,
    socketPath: undefined,
    user: undefined,
    password: undefined,
    database: undefined,
    connectTimeout: 10000,
    insecureAuth: false,
    supportBigNumbers: false,
    bigNumberStrings: false,
    dateStrings: false,
    debug: undefined,
    trace: true,
    stringifyObjects: false,
    timezone: 'local',
    flags: '',
    queryFormat: undefined,
    pool: undefined,
    ssl: false,
    localInfile: true,
    multipleStatements: false,
    typeCast: true,
    maxPacketSize: 0,
    charsetNumber: 33,
    clientFlags: 455631
  },
  _socket: undefined,
  _protocol: Protocol {
    _events: [Object: null prototype] {},
    _eventsCount: 0,
    _maxListeners: undefined,
    readable: true,
    writable: true,
    _config: [ConnectionConfig],
    _connection: [Circular *1],
    _callback: null,
    _fatalError: null,
    _quitSequence: null,
    _handshake: false,
    _handshaked: false,
    _ended: false,
    _destroyed: false,
    _queue: [],
    _handshakeInitializationPacket: null,
    _parser: [Parser],
  },
  _connectCalled: false,
  state: 'disconnected',
  threadId: null,
}",
        },
        {
          "class": "Object",
          "object_id": 10,
          "properties": [
            {
              "class": "String",
              "name": "sql",
            },
          ],
          "value": "{ sql: "SELECT 'Connection.query with options'" }",
        },
      ],
      "path": "index.js",
      "static": true,
      "thread_id": 0,
    },
    {
      "event": "call",
      "id": 18,
      "sql_query": {
        "database_type": "mysql",
        "sql": "SELECT 'Connection.query with options'",
      },
      "thread_id": 0,
    },
    {
      "elapsed": 31.337,
      "event": "return",
      "exceptions": [
        {
          "class": "Error",
          "message": "connect ECONNREFUSED 127.0.0.1:3306",
          "object_id": 12,
        },
      ],
      "id": 20,
      "parent_id": 18,
      "thread_id": 0,
    },
    {
      "elapsed": 31.337,
      "event": "return",
      "id": 19,
      "parent_id": 17,
      "return_value": {
        "class": "Promise<undefined>",
        "object_id": 11,
        "value": "Promise { undefined }",
      },
      "thread_id": 0,
    },
    {
      "defined_class": "index",
      "event": "call",
      "id": 21,
      "lineno": 15,
      "method_id": "newConnection",
      "parameters": [],
      "path": "index.js",
      "static": true,
      "thread_id": 0,
    },
    {
      "elapsed": 31.337,
      "event": "return",
      "id": 22,
      "parent_id": 21,
      "return_value": {
        "class": "Connection",
        "object_id": 13,
        "value": "<ref *1> Connection {
  _events: [Object: null prototype] {},
  _eventsCount: 0,
  _maxListeners: undefined,
  config: ConnectionConfig {
    host: '127.0.0.1',
    port: 3306,
    localAddress: undefined,
    socketPath: undefined,
    user: undefined,
    password: undefined,
    database: undefined,
    connectTimeout: 10000,
    insecureAuth: false,
    supportBigNumbers: false,
    bigNumberStrings: false,
    dateStrings: false,
    debug: undefined,
    trace: true,
    stringifyObjects: false,
    timezone: 'local',
    flags: '',
    queryFormat: undefined,
    pool: undefined,
    ssl: false,
    localInfile: true,
    multipleStatements: false,
    typeCast: true,
    maxPacketSize: 0,
    charsetNumber: 33,
    clientFlags: 455631
  },
  _socket: undefined,
  _protocol: Protocol {
    _events: [Object: null prototype] {},
    _eventsCount: 0,
    _maxListeners: undefined,
    readable: true,
    writable: true,
    _config: [ConnectionConfig],
    _connection: [Circular *1],
    _callback: null,
    _fatalError: null,
    _quitSequence: null,
    _handshake: false,
    _handshaked: false,
    _ended: false,
    _destroyed: false,
    _queue: [],
    _handshakeInitializationPacket: null,
    _parser: [Parser],
  },
  _connectCalled: false,
  state: 'disconnected',
  threadId: null,
}",
      },
      "thread_id": 0,
    },
    {
      "event": "call",
      "id": 23,
      "sql_query": {
        "database_type": "mysql",
        "sql": "SELECT 'Connection.query without a callback",
      },
      "thread_id": 0,
    },
    {
      "elapsed": 31.337,
      "event": "return",
      "exceptions": [
        {
          "class": "Error",
          "message": "connect ECONNREFUSED 127.0.0.1:3306",
          "object_id": 14,
        },
      ],
      "id": 24,
      "parent_id": 23,
      "thread_id": 0,
    },
    {
      "elapsed": 31.337,
      "event": "return",
      "id": 7,
      "parent_id": 1,
      "return_value": {
        "class": "Promise<undefined>",
        "object_id": 3,
        "value": "Promise { undefined }",
      },
      "thread_id": 0,
    },
  ],
  "metadata": {
    "app": "mysql-appmap-node-test",
    "client": {
      "name": "appmap-node",
      "url": "https://github.com/getappmap/appmap-node",
      "version": "test node-appmap version",
    },
    "language": {
      "engine": "Node.js",
      "name": "javascript",
      "version": "test node version",
    },
    "name": "test process recording",
    "recorder": {
      "name": "process",
      "type": "process",
    },
  },
  "version": "1.12",
}
`;
